// Jest Snapshot v1, https://goo.gl/fbAQLP

exports[`snapshot testing 1`] = `
<div
  className="MuiFormControl-root makeStyles-formControl-1"
>
  <label
    className="MuiFormLabel-root MuiInputLabel-root MuiInputLabel-formControl MuiInputLabel-animated MuiInputLabel-shrink MuiFormLabel-filled"
    data-shrink={true}
    htmlFor="select-id"
  >
    Select Label
  </label>
  <div
    className="MuiInputBase-root MuiInput-root MuiInput-underline MuiInputBase-formControl MuiInput-formControl"
    onClick={[Function]}
  >
    <select
      aria-invalid={false}
      className="MuiNativeSelect-root MuiNativeSelect-select MuiInputBase-input MuiInput-input"
      disabled={false}
      id="select-id"
      name="Select Label"
      onAnimationStart={[Function]}
      onBlur={[Function]}
      onChange={[Function]}
      onFocus={[Function]}
      required={false}
      value="value1"
    >
      <option
        value="value1"
      >
        label1
      </option>
      <option
        value="value2"
      >
        label2
      </option>
    </select>
    <svg
      aria-hidden="true"
      className="MuiSvgIcon-root MuiNativeSelect-icon"
      focusable="false"
      viewBox="0 0 24 24"
    >
      <path
        d="M7 10l5 5 5-5z"
      />
    </svg>
  </div>
</div>
`;
